Archive member included because of file (symbol)

/usr/local/CrossPack-AVR-20131216/lib/gcc/avr/4.8.1/avr5/libgcc.a(_exit.o)
                              /usr/local/CrossPack-AVR-20131216/lib/gcc/avr/4.8.1/../../../../avr/lib/avr5/crtm328p.o (exit)
/usr/local/CrossPack-AVR-20131216/lib/gcc/avr/4.8.1/avr5/libgcc.a(_clear_bss.o)
                              ./delay.o (__do_clear_bss)

Allocating common symbols
Common symbol       size              file

cDelayDone          0x1               ./delay.o

Memory Configuration

Name             Origin             Length             Attributes
text             0x00000000         0x00020000         xr
data             0x00800060         0x0000ffa0         rw !x
eeprom           0x00810000         0x00010000         rw !x
fuse             0x00820000         0x00000400         rw !x
lock             0x00830000         0x00000400         rw !x
signature        0x00840000         0x00000400         rw !x
user_signatures  0x00850000         0x00000400         rw !x
*default*        0x00000000         0xffffffff

Linker script and memory map

Address of section .data set to 0x800100
LOAD /usr/local/CrossPack-AVR-20131216/lib/gcc/avr/4.8.1/../../../../avr/lib/avr5/crtm328p.o
LOAD ./delay.o
LOAD ./led.o
LOAD ./main.o
START GROUP
LOAD /usr/local/CrossPack-AVR-20131216/lib/gcc/avr/4.8.1/avr5/libgcc.a
LOAD /usr/local/CrossPack-AVR-20131216/lib/gcc/avr/4.8.1/../../../../avr/lib/avr5/libm.a
LOAD /usr/local/CrossPack-AVR-20131216/lib/gcc/avr/4.8.1/../../../../avr/lib/avr5/libc.a
END GROUP

.hash
 *(.hash)

.dynsym
 *(.dynsym)

.dynstr
 *(.dynstr)

.gnu.version
 *(.gnu.version)

.gnu.version_d
 *(.gnu.version_d)

.gnu.version_r
 *(.gnu.version_r)

.rel.init
 *(.rel.init)

.rela.init
 *(.rela.init)

.rel.text
 *(.rel.text)
 *(.rel.text.*)
 *(.rel.gnu.linkonce.t*)

.rela.text
 *(.rela.text)
 *(.rela.text.*)
 *(.rela.gnu.linkonce.t*)

.rel.fini
 *(.rel.fini)

.rela.fini
 *(.rela.fini)

.rel.rodata
 *(.rel.rodata)
 *(.rel.rodata.*)
 *(.rel.gnu.linkonce.r*)

.rela.rodata
 *(.rela.rodata)
 *(.rela.rodata.*)
 *(.rela.gnu.linkonce.r*)

.rel.data
 *(.rel.data)
 *(.rel.data.*)
 *(.rel.gnu.linkonce.d*)

.rela.data
 *(.rela.data)
 *(.rela.data.*)
 *(.rela.gnu.linkonce.d*)

.rel.ctors
 *(.rel.ctors)

.rela.ctors
 *(.rela.ctors)

.rel.dtors
 *(.rel.dtors)

.rela.dtors
 *(.rela.dtors)

.rel.got
 *(.rel.got)

.rela.got
 *(.rela.got)

.rel.bss
 *(.rel.bss)

.rela.bss
 *(.rela.bss)

.rel.plt
 *(.rel.plt)

.rela.plt
 *(.rela.plt)

.text           0x00000000      0x10a
 *(.vectors)
 .vectors       0x00000000       0x68 /usr/local/CrossPack-AVR-20131216/lib/gcc/avr/4.8.1/../../../../avr/lib/avr5/crtm328p.o
                0x00000000                __vectors
                0x00000000                __vector_default
 *(.vectors)
 *(.progmem.gcc*)
                0x00000068                . = ALIGN (0x2)
                0x00000068                __trampolines_start = .
 *(.trampolines)
 .trampolines   0x00000068        0x0 linker stubs
 *(.trampolines*)
                0x00000068                __trampolines_end = .
 *(.progmem*)
                0x00000068                . = ALIGN (0x2)
 *(.jumptables)
 *(.jumptables*)
 *(.lowtext)
 *(.lowtext*)
                0x00000068                __ctors_start = .
 *(.ctors)
                0x00000068                __ctors_end = .
                0x00000068                __dtors_start = .
 *(.dtors)
                0x00000068                __dtors_end = .
 SORT(*)(.ctors)
 SORT(*)(.dtors)
 *(.init0)
 .init0         0x00000068        0x0 /usr/local/CrossPack-AVR-20131216/lib/gcc/avr/4.8.1/../../../../avr/lib/avr5/crtm328p.o
                0x00000068                __init
 *(.init0)
 *(.init1)
 *(.init1)
 *(.init2)
 .init2         0x00000068        0xc /usr/local/CrossPack-AVR-20131216/lib/gcc/avr/4.8.1/../../../../avr/lib/avr5/crtm328p.o
 *(.init2)
 *(.init3)
 *(.init3)
 *(.init4)
 .init4         0x00000074       0x10 /usr/local/CrossPack-AVR-20131216/lib/gcc/avr/4.8.1/avr5/libgcc.a(_clear_bss.o)
                0x00000074                __do_clear_bss
 *(.init4)
 *(.init5)
 *(.init5)
 *(.init6)
 *(.init6)
 *(.init7)
 *(.init7)
 *(.init8)
 *(.init8)
 *(.init9)
 .init9         0x00000084        0x8 /usr/local/CrossPack-AVR-20131216/lib/gcc/avr/4.8.1/../../../../avr/lib/avr5/crtm328p.o
 *(.init9)
 *(.text)
 .text          0x0000008c        0x4 /usr/local/CrossPack-AVR-20131216/lib/gcc/avr/4.8.1/../../../../avr/lib/avr5/crtm328p.o
                0x0000008c                __vector_20
                0x0000008c                __vector_1
                0x0000008c                __vector_24
                0x0000008c                __vector_12
                0x0000008c                __bad_interrupt
                0x0000008c                __vector_6
                0x0000008c                __vector_3
                0x0000008c                __vector_23
                0x0000008c                __vector_25
                0x0000008c                __vector_11
                0x0000008c                __vector_13
                0x0000008c                __vector_17
                0x0000008c                __vector_19
                0x0000008c                __vector_7
                0x0000008c                __vector_5
                0x0000008c                __vector_4
                0x0000008c                __vector_9
                0x0000008c                __vector_2
                0x0000008c                __vector_21
                0x0000008c                __vector_15
                0x0000008c                __vector_8
                0x0000008c                __vector_10
                0x0000008c                __vector_16
                0x0000008c                __vector_18
                0x0000008c                __vector_22
 .text          0x00000090        0x0 ./delay.o
 .text          0x00000090        0x0 ./led.o
 .text          0x00000090        0x0 ./main.o
 .text          0x00000090        0x0 /usr/local/CrossPack-AVR-20131216/lib/gcc/avr/4.8.1/avr5/libgcc.a(_exit.o)
 .text          0x00000090        0x0 /usr/local/CrossPack-AVR-20131216/lib/gcc/avr/4.8.1/avr5/libgcc.a(_clear_bss.o)
                0x00000090                . = ALIGN (0x2)
 *(.text.*)
 .text.Delay    0x00000090       0x1c ./delay.o
                0x00000090                Delay
 .text.__vector_14
                0x000000ac       0x1e ./delay.o
                0x000000ac                __vector_14
 .text.LED_Init
                0x000000ca        0x4 ./led.o
                0x000000ca                LED_Init
 .text.LED_On   0x000000ce        0x4 ./led.o
                0x000000ce                LED_On
 .text.LED_Off  0x000000d2        0x4 ./led.o
                0x000000d2                LED_Off
 .text.LED_Toggle
                0x000000d6        0xa ./led.o
                0x000000d6                LED_Toggle
 .text.startup.main
                0x000000e0       0x26 ./main.o
                0x000000e0                main
 .text.libgcc.mul
                0x00000106        0x0 /usr/local/CrossPack-AVR-20131216/lib/gcc/avr/4.8.1/avr5/libgcc.a(_exit.o)
 .text.libgcc.div
                0x00000106        0x0 /usr/local/CrossPack-AVR-20131216/lib/gcc/avr/4.8.1/avr5/libgcc.a(_exit.o)
 .text.libgcc   0x00000106        0x0 /usr/local/CrossPack-AVR-20131216/lib/gcc/avr/4.8.1/avr5/libgcc.a(_exit.o)
 .text.libgcc.prologue
                0x00000106        0x0 /usr/local/CrossPack-AVR-20131216/lib/gcc/avr/4.8.1/avr5/libgcc.a(_exit.o)
 .text.libgcc.builtins
                0x00000106        0x0 /usr/local/CrossPack-AVR-20131216/lib/gcc/avr/4.8.1/avr5/libgcc.a(_exit.o)
 .text.libgcc.fmul
                0x00000106        0x0 /usr/local/CrossPack-AVR-20131216/lib/gcc/avr/4.8.1/avr5/libgcc.a(_exit.o)
 .text.libgcc.fixed
                0x00000106        0x0 /usr/local/CrossPack-AVR-20131216/lib/gcc/avr/4.8.1/avr5/libgcc.a(_exit.o)
 .text.libgcc.mul
                0x00000106        0x0 /usr/local/CrossPack-AVR-20131216/lib/gcc/avr/4.8.1/avr5/libgcc.a(_clear_bss.o)
 .text.libgcc.div
                0x00000106        0x0 /usr/local/CrossPack-AVR-20131216/lib/gcc/avr/4.8.1/avr5/libgcc.a(_clear_bss.o)
 .text.libgcc   0x00000106        0x0 /usr/local/CrossPack-AVR-20131216/lib/gcc/avr/4.8.1/avr5/libgcc.a(_clear_bss.o)
 .text.libgcc.prologue
                0x00000106        0x0 /usr/local/CrossPack-AVR-20131216/lib/gcc/avr/4.8.1/avr5/libgcc.a(_clear_bss.o)
 .text.libgcc.builtins
                0x00000106        0x0 /usr/local/CrossPack-AVR-20131216/lib/gcc/avr/4.8.1/avr5/libgcc.a(_clear_bss.o)
 .text.libgcc.fmul
                0x00000106        0x0 /usr/local/CrossPack-AVR-20131216/lib/gcc/avr/4.8.1/avr5/libgcc.a(_clear_bss.o)
 .text.libgcc.fixed
                0x00000106        0x0 /usr/local/CrossPack-AVR-20131216/lib/gcc/avr/4.8.1/avr5/libgcc.a(_clear_bss.o)
                0x00000106                . = ALIGN (0x2)
 *(.fini9)
 .fini9         0x00000106        0x0 /usr/local/CrossPack-AVR-20131216/lib/gcc/avr/4.8.1/avr5/libgcc.a(_exit.o)
                0x00000106                exit
                0x00000106                _exit
 *(.fini9)
 *(.fini8)
 *(.fini8)
 *(.fini7)
 *(.fini7)
 *(.fini6)
 *(.fini6)
 *(.fini5)
 *(.fini5)
 *(.fini4)
 *(.fini4)
 *(.fini3)
 *(.fini3)
 *(.fini2)
 *(.fini2)
 *(.fini1)
 *(.fini1)
 *(.fini0)
 .fini0         0x00000106        0x4 /usr/local/CrossPack-AVR-20131216/lib/gcc/avr/4.8.1/avr5/libgcc.a(_exit.o)
 *(.fini0)
                0x0000010a                _etext = .

.data           0x00800100        0x0 load address 0x0000010a
                0x00800100                PROVIDE (__data_start, .)
 *(.data)
 .data          0x00800100        0x0 /usr/local/CrossPack-AVR-20131216/lib/gcc/avr/4.8.1/../../../../avr/lib/avr5/crtm328p.o
 .data          0x00800100        0x0 ./delay.o
 .data          0x00800100        0x0 ./led.o
 .data          0x00800100        0x0 ./main.o
 .data          0x00800100        0x0 /usr/local/CrossPack-AVR-20131216/lib/gcc/avr/4.8.1/avr5/libgcc.a(_exit.o)
 .data          0x00800100        0x0 /usr/local/CrossPack-AVR-20131216/lib/gcc/avr/4.8.1/avr5/libgcc.a(_clear_bss.o)
 *(.data*)
 *(.rodata)
 *(.rodata*)
 *(.gnu.linkonce.d*)
                0x00800100                . = ALIGN (0x2)
                0x00800100                _edata = .
                0x00800100                PROVIDE (__data_end, .)

.bss            0x00800100        0x1
                0x00800100                PROVIDE (__bss_start, .)
 *(.bss)
 .bss           0x00800100        0x0 /usr/local/CrossPack-AVR-20131216/lib/gcc/avr/4.8.1/../../../../avr/lib/avr5/crtm328p.o
 .bss           0x00800100        0x0 ./delay.o
 .bss           0x00800100        0x0 ./led.o
 .bss           0x00800100        0x0 ./main.o
 .bss           0x00800100        0x0 /usr/local/CrossPack-AVR-20131216/lib/gcc/avr/4.8.1/avr5/libgcc.a(_exit.o)
 .bss           0x00800100        0x0 /usr/local/CrossPack-AVR-20131216/lib/gcc/avr/4.8.1/avr5/libgcc.a(_clear_bss.o)
 *(.bss*)
 *(COMMON)
 COMMON         0x00800100        0x1 ./delay.o
                0x00800100                cDelayDone
                0x00800101                PROVIDE (__bss_end, .)
                0x0000010a                __data_load_start = LOADADDR (.data)
                0x0000010a                __data_load_end = (__data_load_start + SIZEOF (.data))

.noinit         0x00800101        0x0
                0x00800101                PROVIDE (__noinit_start, .)
 *(.noinit*)
                0x00800101                PROVIDE (__noinit_end, .)
                0x00800101                _end = .
                0x00800101                PROVIDE (__heap_start, .)

.eeprom         0x00810000        0x0
 *(.eeprom*)
                0x00810000                __eeprom_end = .

.fuse
 *(.fuse)
 *(.lfuse)
 *(.hfuse)
 *(.efuse)

.lock
 *(.lock*)

.signature
 *(.signature*)

.user_signatures
 *(.user_signatures*)

.stab
 *(.stab)

.stabstr
 *(.stabstr)

.stab.excl
 *(.stab.excl)

.stab.exclstr
 *(.stab.exclstr)

.stab.index
 *(.stab.index)

.stab.indexstr
 *(.stab.indexstr)

.comment        0x00000000       0x11
 *(.comment)
 .comment       0x00000000       0x11 ./delay.o
                                 0x12 (size before relaxing)
 .comment       0x00000000       0x12 ./led.o
 .comment       0x00000000       0x12 ./main.o

.debug
 *(.debug)

.line
 *(.line)

.debug_srcinfo
 *(.debug_srcinfo)

.debug_sfnames
 *(.debug_sfnames)

.debug_aranges  0x00000000       0x40
 *(.debug_aranges)
 .debug_aranges
                0x00000000       0x20 /usr/local/CrossPack-AVR-20131216/lib/gcc/avr/4.8.1/avr5/libgcc.a(_exit.o)
 .debug_aranges
                0x00000020       0x20 /usr/local/CrossPack-AVR-20131216/lib/gcc/avr/4.8.1/avr5/libgcc.a(_clear_bss.o)

.debug_pubnames
 *(.debug_pubnames)

.debug_info     0x00000000      0x17c
 *(.debug_info)
 .debug_info    0x00000000       0xbe /usr/local/CrossPack-AVR-20131216/lib/gcc/avr/4.8.1/avr5/libgcc.a(_exit.o)
 .debug_info    0x000000be       0xbe /usr/local/CrossPack-AVR-20131216/lib/gcc/avr/4.8.1/avr5/libgcc.a(_clear_bss.o)
 *(.gnu.linkonce.wi.*)

.debug_abbrev   0x00000000       0x28
 *(.debug_abbrev)
 .debug_abbrev  0x00000000       0x14 /usr/local/CrossPack-AVR-20131216/lib/gcc/avr/4.8.1/avr5/libgcc.a(_exit.o)
 .debug_abbrev  0x00000014       0x14 /usr/local/CrossPack-AVR-20131216/lib/gcc/avr/4.8.1/avr5/libgcc.a(_clear_bss.o)

.debug_line     0x00000000       0xb6
 *(.debug_line)
 .debug_line    0x00000000       0x58 /usr/local/CrossPack-AVR-20131216/lib/gcc/avr/4.8.1/avr5/libgcc.a(_exit.o)
 .debug_line    0x00000058       0x5e /usr/local/CrossPack-AVR-20131216/lib/gcc/avr/4.8.1/avr5/libgcc.a(_clear_bss.o)

.debug_frame
 *(.debug_frame)

.debug_str
 *(.debug_str)

.debug_loc
 *(.debug_loc)

.debug_macinfo
 *(.debug_macinfo)

.debug_pubtypes
 *(.debug_pubtypes)

.debug_ranges
 *(.debug_ranges)

.debug_macro
 *(.debug_macro)
OUTPUT(led.elf elf32-avr)
LOAD linker stubs
